INFO: Loading a matcher: CA
      ---------------core20[1:x]
      ---------------core21[1:x]
      ---------------core22[1:x]
      ---------------core23[1:x]
      ---------------core24[1:x]
      ---------------core25[1:x]
      ---------------core26[1:x]
      ---------------core27[1:x]
      ---------------core28[1:x]
      ---------------core29[1:x]
      ---------------core30[1:x]
      ---------------core31[1:x]
      ---------------core32[1:x]
      ---------------core33[1:x]
      ---------------core34[1:x]
      ---------------core35[1:x]
      ---------------gpu0[1:x]
      ---------------memory3[32:x]
      ------------socket0[1:x]
      ---------------core56[1:x]
      ---------------core57[1:x]
      ---------------core58[1:x]
      ---------------core59[1:x]
      ---------------core60[1:x]
      ---------------core61[1:x]
      ---------------core62[1:x]
      ---------------core63[1:x]
      ---------------core64[1:x]
      ---------------core65[1:x]
      ---------------core66[1:x]
      ---------------core67[1:x]
      ---------------core68[1:x]
      ---------------core69[1:x]
      ---------------core70[1:x]
      ---------------core71[1:x]
      ---------------gpu1[1:x]
      ---------------memory7[32:x]
      ------------socket1[1:x]
      ---------node71[1:s]
      ------rack3[1:s]
      ---tiny0[0:s]
INFO: =============================
INFO: JOBID=1
INFO: RESOURCES=ALLOCATED
INFO: SCHEDULED AT=Now
INFO: =============================
      ---------------core20[1:x]
      ---------------core21[1:x]
      ---------------core22[1:x]
      ---------------core23[1:x]
      ---------------core24[1:x]
      ---------------core25[1:x]
      ---------------core26[1:x]
      ---------------core27[1:x]
      ---------------core28[1:x]
      ---------------core29[1:x]
      ---------------core30[1:x]
      ---------------core31[1:x]
      ---------------core32[1:x]
      ---------------core33[1:x]
      ---------------core34[1:x]
      ---------------core35[1:x]
      ---------------gpu0[1:x]
      ---------------memory3[32:x]
      ------------socket0[1:s]
      ---------------core56[1:x]
      ---------------core57[1:x]
      ---------------core58[1:x]
      ---------------core59[1:x]
      ---------------core60[1:x]
      ---------------core61[1:x]
      ---------------core62[1:x]
      ---------------core63[1:x]
      ---------------core64[1:x]
      ---------------core65[1:x]
      ---------------core66[1:x]
      ---------------core67[1:x]
      ---------------core68[1:x]
      ---------------core69[1:x]
      ---------------core70[1:x]
      ---------------core71[1:x]
      ---------------gpu1[1:x]
      ---------------memory7[32:x]
      ------------socket1[1:s]
      ---------node70[1:s]
      ------rack3[1:s]
      ---tiny0[0:s]
INFO: =============================
INFO: JOBID=2
INFO: RESOURCES=ALLOCATED
INFO: SCHEDULED AT=Now
INFO: =============================
      ---------------core20[1:x]
      ---------------core21[1:x]
      ---------------core22[1:x]
      ---------------core23[1:x]
      ---------------core24[1:x]
      ---------------core25[1:x]
      ---------------core26[1:x]
      ---------------core27[1:x]
      ---------------core28[1:x]
      ---------------core29[1:x]
      ---------------core30[1:x]
      ---------------core31[1:x]
      ---------------core32[1:x]
      ---------------core33[1:x]
      ---------------core34[1:x]
      ---------------core35[1:x]
      ---------------gpu0[1:x]
      ---------------memory3[32:x]
      ------------socket0[1:x]
      ---------------core56[1:x]
      ---------------core57[1:x]
      ---------------core58[1:x]
      ---------------core59[1:x]
      ---------------core60[1:x]
      ---------------core61[1:x]
      ---------------core62[1:x]
      ---------------core63[1:x]
      ---------------core64[1:x]
      ---------------core65[1:x]
      ---------------core66[1:x]
      ---------------core67[1:x]
      ---------------core68[1:x]
      ---------------core69[1:x]
      ---------------core70[1:x]
      ---------------core71[1:x]
      ---------------gpu1[1:x]
      ---------------memory7[32:x]
      ------------socket1[1:x]
      ---------node68[1:s]
      ---------------core20[1:x]
      ---------------core21[1:x]
      ---------------core22[1:x]
      ---------------core23[1:x]
      ---------------core24[1:x]
      ---------------core25[1:x]
      ---------------core26[1:x]
      ---------------core27[1:x]
      ---------------core28[1:x]
      ---------------core29[1:x]
      ---------------core30[1:x]
      ---------------core31[1:x]
      ---------------core32[1:x]
      ---------------core33[1:x]
      ---------------core34[1:x]
      ---------------core35[1:x]
      ---------------gpu0[1:x]
      ---------------memory3[32:x]
      ------------socket0[1:x]
      ---------------core56[1:x]
      ---------------core57[1:x]
      ---------------core58[1:x]
      ---------------core59[1:x]
      ---------------core60[1:x]
      ---------------core61[1:x]
      ---------------core62[1:x]
      ---------------core63[1:x]
      ---------------core64[1:x]
      ---------------core65[1:x]
      ---------------core66[1:x]
      ---------------core67[1:x]
      ---------------core68[1:x]
      ---------------core69[1:x]
      ---------------core70[1:x]
      ---------------core71[1:x]
      ---------------gpu1[1:x]
      ---------------memory7[32:x]
      ------------socket1[1:x]
      ---------node69[1:s]
      ------rack3[1:s]
      ---tiny0[0:s]
INFO: =============================
INFO: JOBID=3
INFO: RESOURCES=ALLOCATED
INFO: SCHEDULED AT=Now
INFO: =============================
      ---------------core20[1:x]
      ---------------core21[1:x]
      ---------------core22[1:x]
      ---------------core23[1:x]
      ---------------core24[1:x]
      ---------------core25[1:x]
      ---------------core26[1:x]
      ---------------core27[1:x]
      ---------------core28[1:x]
      ---------------core29[1:x]
      ---------------core30[1:x]
      ---------------core31[1:x]
      ---------------core32[1:x]
      ---------------core33[1:x]
      ---------------core34[1:x]
      ---------------core35[1:x]
      ---------------gpu0[1:x]
      ---------------memory3[32:x]
      ------------socket0[1:s]
      ---------------core56[1:x]
      ---------------core57[1:x]
      ---------------core58[1:x]
      ---------------core59[1:x]
      ---------------core60[1:x]
      ---------------core61[1:x]
      ---------------core62[1:x]
      ---------------core63[1:x]
      ---------------core64[1:x]
      ---------------core65[1:x]
      ---------------core66[1:x]
      ---------------core67[1:x]
      ---------------core68[1:x]
      ---------------core69[1:x]
      ---------------core70[1:x]
      ---------------core71[1:x]
      ---------------gpu1[1:x]
      ---------------memory7[32:x]
      ------------socket1[1:s]
      ---------node66[1:s]
      ---------------core20[1:x]
      ---------------core21[1:x]
      ---------------core22[1:x]
      ---------------core23[1:x]
      ---------------core24[1:x]
      ---------------core25[1:x]
      ---------------core26[1:x]
      ---------------core27[1:x]
      ---------------core28[1:x]
      ---------------core29[1:x]
      ---------------core30[1:x]
      ---------------core31[1:x]
      ---------------core32[1:x]
      ---------------core33[1:x]
      ---------------core34[1:x]
      ---------------core35[1:x]
      ---------------gpu0[1:x]
      ---------------memory3[32:x]
      ------------socket0[1:s]
      ---------------core56[1:x]
      ---------------core57[1:x]
      ---------------core58[1:x]
      ---------------core59[1:x]
      ---------------core60[1:x]
      ---------------core61[1:x]
      ---------------core62[1:x]
      ---------------core63[1:x]
      ---------------core64[1:x]
      ---------------core65[1:x]
      ---------------core66[1:x]
      ---------------core67[1:x]
      ---------------core68[1:x]
      ---------------core69[1:x]
      ---------------core70[1:x]
      ---------------core71[1:x]
      ---------------gpu1[1:x]
      ---------------memory7[32:x]
      ------------socket1[1:s]
      ---------node67[1:s]
      ------rack3[1:s]
      ---tiny0[0:s]
INFO: =============================
INFO: JOBID=4
INFO: RESOURCES=ALLOCATED
INFO: SCHEDULED AT=Now
INFO: =============================
      ---------------core20[1:x]
      ---------------core21[1:x]
      ---------------core22[1:x]
      ---------------core23[1:x]
      ---------------core24[1:x]
      ---------------core25[1:x]
      ---------------core26[1:x]
      ---------------core27[1:x]
      ---------------core28[1:x]
      ---------------core29[1:x]
      ---------------core30[1:x]
      ---------------core31[1:x]
      ---------------core32[1:x]
      ---------------core33[1:x]
      ---------------core34[1:x]
      ---------------core35[1:x]
      ---------------gpu0[1:x]
      ---------------memory3[32:x]
      ------------socket0[1:x]
      ---------------core56[1:x]
      ---------------core57[1:x]
      ---------------core58[1:x]
      ---------------core59[1:x]
      ---------------core60[1:x]
      ---------------core61[1:x]
      ---------------core62[1:x]
      ---------------core63[1:x]
      ---------------core64[1:x]
      ---------------core65[1:x]
      ---------------core66[1:x]
      ---------------core67[1:x]
      ---------------core68[1:x]
      ---------------core69[1:x]
      ---------------core70[1:x]
      ---------------core71[1:x]
      ---------------gpu1[1:x]
      ---------------memory7[32:x]
      ------------socket1[1:x]
      ---------node62[1:s]
      ---------------core20[1:x]
      ---------------core21[1:x]
      ---------------core22[1:x]
      ---------------core23[1:x]
      ---------------core24[1:x]
      ---------------core25[1:x]
      ---------------core26[1:x]
      ---------------core27[1:x]
      ---------------core28[1:x]
      ---------------core29[1:x]
      ---------------core30[1:x]
      ---------------core31[1:x]
      ---------------core32[1:x]
      ---------------core33[1:x]
      ---------------core34[1:x]
      ---------------core35[1:x]
      ---------------gpu0[1:x]
      ---------------memory3[32:x]
      ------------socket0[1:x]
      ---------------core56[1:x]
      ---------------core57[1:x]
      ---------------core58[1:x]
      ---------------core59[1:x]
      ---------------core60[1:x]
      ---------------core61[1:x]
      ---------------core62[1:x]
      ---------------core63[1:x]
      ---------------core64[1:x]
      ---------------core65[1:x]
      ---------------core66[1:x]
      ---------------core67[1:x]
      ---------------core68[1:x]
      ---------------core69[1:x]
      ---------------core70[1:x]
      ---------------core71[1:x]
      ---------------gpu1[1:x]
      ---------------memory7[32:x]
      ------------socket1[1:x]
      ---------node63[1:s]
      ---------------core20[1:x]
      ---------------core21[1:x]
      ---------------core22[1:x]
      ---------------core23[1:x]
      ---------------core24[1:x]
      ---------------core25[1:x]
      ---------------core26[1:x]
      ---------------core27[1:x]
      ---------------core28[1:x]
      ---------------core29[1:x]
      ---------------core30[1:x]
      ---------------core31[1:x]
      ---------------core32[1:x]
      ---------------core33[1:x]
      ---------------core34[1:x]
      ---------------core35[1:x]
      ---------------gpu0[1:x]
      ---------------memory3[32:x]
      ------------socket0[1:x]
      ---------------core56[1:x]
      ---------------core57[1:x]
      ---------------core58[1:x]
      ---------------core59[1:x]
      ---------------core60[1:x]
      ---------------core61[1:x]
      ---------------core62[1:x]
      ---------------core63[1:x]
      ---------------core64[1:x]
      ---------------core65[1:x]
      ---------------core66[1:x]
      ---------------core67[1:x]
      ---------------core68[1:x]
      ---------------core69[1:x]
      ---------------core70[1:x]
      ---------------core71[1:x]
      ---------------gpu1[1:x]
      ---------------memory7[32:x]
      ------------socket1[1:x]
      ---------node64[1:s]
      ---------------core20[1:x]
      ---------------core21[1:x]
      ---------------core22[1:x]
      ---------------core23[1:x]
      ---------------core24[1:x]
      ---------------core25[1:x]
      ---------------core26[1:x]
      ---------------core27[1:x]
      ---------------core28[1:x]
      ---------------core29[1:x]
      ---------------core30[1:x]
      ---------------core31[1:x]
      ---------------core32[1:x]
      ---------------core33[1:x]
      ---------------core34[1:x]
      ---------------core35[1:x]
      ---------------gpu0[1:x]
      ---------------memory3[32:x]
      ------------socket0[1:x]
      ---------------core56[1:x]
      ---------------core57[1:x]
      ---------------core58[1:x]
      ---------------core59[1:x]
      ---------------core60[1:x]
      ---------------core61[1:x]
      ---------------core62[1:x]
      ---------------core63[1:x]
      ---------------core64[1:x]
      ---------------core65[1:x]
      ---------------core66[1:x]
      ---------------core67[1:x]
      ---------------core68[1:x]
      ---------------core69[1:x]
      ---------------core70[1:x]
      ---------------core71[1:x]
      ---------------gpu1[1:x]
      ---------------memory7[32:x]
      ------------socket1[1:x]
      ---------node65[1:s]
      ------rack3[1:s]
      ---tiny0[0:s]
INFO: =============================
INFO: JOBID=5
INFO: RESOURCES=ALLOCATED
INFO: SCHEDULED AT=Now
INFO: =============================
      ---------------core20[1:x]
      ---------------core21[1:x]
      ---------------core22[1:x]
      ---------------core23[1:x]
      ---------------core24[1:x]
      ---------------core25[1:x]
      ---------------core26[1:x]
      ---------------core27[1:x]
      ---------------core28[1:x]
      ---------------core29[1:x]
      ---------------core30[1:x]
      ---------------core31[1:x]
      ---------------core32[1:x]
      ---------------core33[1:x]
      ---------------core34[1:x]
      ---------------core35[1:x]
      ---------------gpu0[1:x]
      ---------------memory3[32:x]
      ------------socket0[1:s]
      ---------------core56[1:x]
      ---------------core57[1:x]
      ---------------core58[1:x]
      ---------------core59[1:x]
      ---------------core60[1:x]
      ---------------core61[1:x]
      ---------------core62[1:x]
      ---------------core63[1:x]
      ---------------core64[1:x]
      ---------------core65[1:x]
      ---------------core66[1:x]
      ---------------core67[1:x]
      ---------------core68[1:x]
      ---------------core69[1:x]
      ---------------core70[1:x]
      ---------------core71[1:x]
      ---------------gpu1[1:x]
      ---------------memory7[32:x]
      ------------socket1[1:s]
      ---------node58[1:s]
      ---------------core20[1:x]
      ---------------core21[1:x]
      ---------------core22[1:x]
      ---------------core23[1:x]
      ---------------core24[1:x]
      ---------------core25[1:x]
      ---------------core26[1:x]
      ---------------core27[1:x]
      ---------------core28[1:x]
      ---------------core29[1:x]
      ---------------core30[1:x]
      ---------------core31[1:x]
      ---------------core32[1:x]
      ---------------core33[1:x]
      ---------------core34[1:x]
      ---------------core35[1:x]
      ---------------gpu0[1:x]
      ---------------memory3[32:x]
      ------------socket0[1:s]
      ---------------core56[1:x]
      ---------------core57[1:x]
      ---------------core58[1:x]
      ---------------core59[1:x]
      ---------------core60[1:x]
      ---------------core61[1:x]
      ---------------core62[1:x]
      ---------------core63[1:x]
      ---------------core64[1:x]
      ---------------core65[1:x]
      ---------------core66[1:x]
      ---------------core67[1:x]
      ---------------core68[1:x]
      ---------------core69[1:x]
      ---------------core70[1:x]
      ---------------core71[1:x]
      ---------------gpu1[1:x]
      ---------------memory7[32:x]
      ------------socket1[1:s]
      ---------node59[1:s]
      ---------------core20[1:x]
      ---------------core21[1:x]
      ---------------core22[1:x]
      ---------------core23[1:x]
      ---------------core24[1:x]
      ---------------core25[1:x]
      ---------------core26[1:x]
      ---------------core27[1:x]
      ---------------core28[1:x]
      ---------------core29[1:x]
      ---------------core30[1:x]
      ---------------core31[1:x]
      ---------------core32[1:x]
      ---------------core33[1:x]
      ---------------core34[1:x]
      ---------------core35[1:x]
      ---------------gpu0[1:x]
      ---------------memory3[32:x]
      ------------socket0[1:s]
      ---------------core56[1:x]
      ---------------core57[1:x]
      ---------------core58[1:x]
      ---------------core59[1:x]
      ---------------core60[1:x]
      ---------------core61[1:x]
      ---------------core62[1:x]
      ---------------core63[1:x]
      ---------------core64[1:x]
      ---------------core65[1:x]
      ---------------core66[1:x]
      ---------------core67[1:x]
      ---------------core68[1:x]
      ---------------core69[1:x]
      ---------------core70[1:x]
      ---------------core71[1:x]
      ---------------gpu1[1:x]
      ---------------memory7[32:x]
      ------------socket1[1:s]
      ---------node60[1:s]
      ---------------core20[1:x]
      ---------------core21[1:x]
      ---------------core22[1:x]
      ---------------core23[1:x]
      ---------------core24[1:x]
      ---------------core25[1:x]
      ---------------core26[1:x]
      ---------------core27[1:x]
      ---------------core28[1:x]
      ---------------core29[1:x]
      ---------------core30[1:x]
      ---------------core31[1:x]
      ---------------core32[1:x]
      ---------------core33[1:x]
      ---------------core34[1:x]
      ---------------core35[1:x]
      ---------------gpu0[1:x]
      ---------------memory3[32:x]
      ------------socket0[1:s]
      ---------------core56[1:x]
      ---------------core57[1:x]
      ---------------core58[1:x]
      ---------------core59[1:x]
      ---------------core60[1:x]
      ---------------core61[1:x]
      ---------------core62[1:x]
      ---------------core63[1:x]
      ---------------core64[1:x]
      ---------------core65[1:x]
      ---------------core66[1:x]
      ---------------core67[1:x]
      ---------------core68[1:x]
      ---------------core69[1:x]
      ---------------core70[1:x]
      ---------------core71[1:x]
      ---------------gpu1[1:x]
      ---------------memory7[32:x]
      ------------socket1[1:s]
      ---------node61[1:s]
      ------rack3[1:s]
      ---tiny0[0:s]
INFO: =============================
INFO: JOBID=6
INFO: RESOURCES=ALLOCATED
INFO: SCHEDULED AT=Now
INFO: =============================
      ---------------core20[1:x]
      ---------------core21[1:x]
      ---------------core22[1:x]
      ---------------core23[1:x]
      ---------------core24[1:x]
      ---------------core25[1:x]
      ---------------core26[1:x]
      ---------------core27[1:x]
      ---------------core28[1:x]
      ---------------core29[1:x]
      ---------------core30[1:x]
      ---------------core31[1:x]
      ---------------core32[1:x]
      ---------------core33[1:x]
      ---------------core34[1:x]
      ---------------core35[1:x]
      ---------------gpu0[1:x]
      ---------------memory3[32:x]
      ------------socket0[1:x]
      ---------------core56[1:x]
      ---------------core57[1:x]
      ---------------core58[1:x]
      ---------------core59[1:x]
      ---------------core60[1:x]
      ---------------core61[1:x]
      ---------------core62[1:x]
      ---------------core63[1:x]
      ---------------core64[1:x]
      ---------------core65[1:x]
      ---------------core66[1:x]
      ---------------core67[1:x]
      ---------------core68[1:x]
      ---------------core69[1:x]
      ---------------core70[1:x]
      ---------------core71[1:x]
      ---------------gpu1[1:x]
      ---------------memory7[32:x]
      ------------socket1[1:x]
      ---------node57[1:x]
      ------rack3[1:s]
      ---tiny0[0:s]
INFO: =============================
INFO: JOBID=7
INFO: RESOURCES=ALLOCATED
INFO: SCHEDULED AT=Now
INFO: =============================
      ---------------core20[1:x]
      ---------------core21[1:x]
      ---------------core22[1:x]
      ---------------core23[1:x]
      ---------------core24[1:x]
      ---------------core25[1:x]
      ---------------core26[1:x]
      ---------------core27[1:x]
      ---------------core28[1:x]
      ---------------core29[1:x]
      ---------------core30[1:x]
      ---------------core31[1:x]
      ---------------core32[1:x]
      ---------------core33[1:x]
      ---------------core34[1:x]
      ---------------core35[1:x]
      ---------------gpu0[1:x]
      ---------------memory3[32:x]
      ------------socket0[1:x]
      ---------------core56[1:x]
      ---------------core57[1:x]
      ---------------core58[1:x]
      ---------------core59[1:x]
      ---------------core60[1:x]
      ---------------core61[1:x]
      ---------------core62[1:x]
      ---------------core63[1:x]
      ---------------core64[1:x]
      ---------------core65[1:x]
      ---------------core66[1:x]
      ---------------core67[1:x]
      ---------------core68[1:x]
      ---------------core69[1:x]
      ---------------core70[1:x]
      ---------------core71[1:x]
      ---------------gpu1[1:x]
      ---------------memory7[32:x]
      ------------socket1[1:x]
      ---------node55[1:x]
      ---------------core20[1:x]
      ---------------core21[1:x]
      ---------------core22[1:x]
      ---------------core23[1:x]
      ---------------core24[1:x]
      ---------------core25[1:x]
      ---------------core26[1:x]
      ---------------core27[1:x]
      ---------------core28[1:x]
      ---------------core29[1:x]
      ---------------core30[1:x]
      ---------------core31[1:x]
      ---------------core32[1:x]
      ---------------core33[1:x]
      ---------------core34[1:x]
      ---------------core35[1:x]
      ---------------gpu0[1:x]
      ---------------memory3[32:x]
      ------------socket0[1:x]
      ---------------core56[1:x]
      ---------------core57[1:x]
      ---------------core58[1:x]
      ---------------core59[1:x]
      ---------------core60[1:x]
      ---------------core61[1:x]
      ---------------core62[1:x]
      ---------------core63[1:x]
      ---------------core64[1:x]
      ---------------core65[1:x]
      ---------------core66[1:x]
      ---------------core67[1:x]
      ---------------core68[1:x]
      ---------------core69[1:x]
      ---------------core70[1:x]
      ---------------core71[1:x]
      ---------------gpu1[1:x]
      ---------------memory7[32:x]
      ------------socket1[1:x]
      ---------node56[1:x]
      ------rack3[1:s]
      ---tiny0[0:s]
INFO: =============================
INFO: JOBID=8
INFO: RESOURCES=ALLOCATED
INFO: SCHEDULED AT=Now
INFO: =============================
      ---------------core20[1:x]
      ---------------core21[1:x]
      ---------------core22[1:x]
      ---------------core23[1:x]
      ---------------core24[1:x]
      ---------------core25[1:x]
      ---------------core26[1:x]
      ---------------core27[1:x]
      ---------------core28[1:x]
      ---------------core29[1:x]
      ---------------core30[1:x]
      ---------------core31[1:x]
      ---------------core32[1:x]
      ---------------core33[1:x]
      ---------------core34[1:x]
      ---------------core35[1:x]
      ---------------gpu0[1:x]
      ---------------memory3[32:x]
      ------------socket0[1:x]
      ---------------core56[1:x]
      ---------------core57[1:x]
      ---------------core58[1:x]
      ---------------core59[1:x]
      ---------------core60[1:x]
      ---------------core61[1:x]
      ---------------core62[1:x]
      ---------------core63[1:x]
      ---------------core64[1:x]
      ---------------core65[1:x]
      ---------------core66[1:x]
      ---------------core67[1:x]
      ---------------core68[1:x]
      ---------------core69[1:x]
      ---------------core70[1:x]
      ---------------core71[1:x]
      ---------------gpu1[1:x]
      ---------------memory7[32:x]
      ------------socket1[1:x]
      ---------node51[1:x]
      ---------------core20[1:x]
      ---------------core21[1:x]
      ---------------core22[1:x]
      ---------------core23[1:x]
      ---------------core24[1:x]
      ---------------core25[1:x]
      ---------------core26[1:x]
      ---------------core27[1:x]
      ---------------core28[1:x]
      ---------------core29[1:x]
      ---------------core30[1:x]
      ---------------core31[1:x]
      ---------------core32[1:x]
      ---------------core33[1:x]
      ---------------core34[1:x]
      ---------------core35[1:x]
      ---------------gpu0[1:x]
      ---------------memory3[32:x]
      ------------socket0[1:x]
      ---------------core56[1:x]
      ---------------core57[1:x]
      ---------------core58[1:x]
      ---------------core59[1:x]
      ---------------core60[1:x]
      ---------------core61[1:x]
      ---------------core62[1:x]
      ---------------core63[1:x]
      ---------------core64[1:x]
      ---------------core65[1:x]
      ---------------core66[1:x]
      ---------------core67[1:x]
      ---------------core68[1:x]
      ---------------core69[1:x]
      ---------------core70[1:x]
      ---------------core71[1:x]
      ---------------gpu1[1:x]
      ---------------memory7[32:x]
      ------------socket1[1:x]
      ---------node52[1:x]
      ---------------core20[1:x]
      ---------------core21[1:x]
      ---------------core22[1:x]
      ---------------core23[1:x]
      ---------------core24[1:x]
      ---------------core25[1:x]
      ---------------core26[1:x]
      ---------------core27[1:x]
      ---------------core28[1:x]
      ---------------core29[1:x]
      ---------------core30[1:x]
      ---------------core31[1:x]
      ---------------core32[1:x]
      ---------------core33[1:x]
      ---------------core34[1:x]
      ---------------core35[1:x]
      ---------------gpu0[1:x]
      ---------------memory3[32:x]
      ------------socket0[1:x]
      ---------------core56[1:x]
      ---------------core57[1:x]
      ---------------core58[1:x]
      ---------------core59[1:x]
      ---------------core60[1:x]
      ---------------core61[1:x]
      ---------------core62[1:x]
      ---------------core63[1:x]
      ---------------core64[1:x]
      ---------------core65[1:x]
      ---------------core66[1:x]
      ---------------core67[1:x]
      ---------------core68[1:x]
      ---------------core69[1:x]
      ---------------core70[1:x]
      ---------------core71[1:x]
      ---------------gpu1[1:x]
      ---------------memory7[32:x]
      ------------socket1[1:x]
      ---------node53[1:x]
      ------rack2[1:s]
      ---------------core20[1:x]
      ---------------core21[1:x]
      ---------------core22[1:x]
      ---------------core23[1:x]
      ---------------core24[1:x]
      ---------------core25[1:x]
      ---------------core26[1:x]
      ---------------core27[1:x]
      ---------------core28[1:x]
      ---------------core29[1:x]
      ---------------core30[1:x]
      ---------------core31[1:x]
      ---------------core32[1:x]
      ---------------core33[1:x]
      ---------------core34[1:x]
      ---------------core35[1:x]
      ---------------gpu0[1:x]
      ---------------memory3[32:x]
      ------------socket0[1:x]
      ---------------core56[1:x]
      ---------------core57[1:x]
      ---------------core58[1:x]
      ---------------core59[1:x]
      ---------------core60[1:x]
      ---------------core61[1:x]
      ---------------core62[1:x]
      ---------------core63[1:x]
      ---------------core64[1:x]
      ---------------core65[1:x]
      ---------------core66[1:x]
      ---------------core67[1:x]
      ---------------core68[1:x]
      ---------------core69[1:x]
      ---------------core70[1:x]
      ---------------core71[1:x]
      ---------------gpu1[1:x]
      ---------------memory7[32:x]
      ------------socket1[1:x]
      ---------node54[1:x]
      ------rack3[1:s]
      ---tiny0[0:s]
INFO: =============================
INFO: JOBID=9
INFO: RESOURCES=ALLOCATED
INFO: SCHEDULED AT=Now
INFO: =============================
INFO: Bye bye 
