INFO: Loading a matcher: CA
      ---------------core0[1:x]
      ---------------core1[1:x]
      ---------------core2[1:x]
      ---------------core3[1:x]
      ---------------core4[1:x]
      ---------------core5[1:x]
      ---------------core6[1:x]
      ---------------core7[1:x]
      ---------------core8[1:x]
      ---------------core9[1:x]
      ---------------core10[1:x]
      ---------------core11[1:x]
      ---------------core12[1:x]
      ---------------core13[1:x]
      ---------------core14[1:x]
      ---------------core15[1:x]
      ---------------gpu0[1:x]
      ---------------memory0[32:x]
      ------------socket0[1:x]
      ---------------core36[1:x]
      ---------------core37[1:x]
      ---------------core38[1:x]
      ---------------core39[1:x]
      ---------------core40[1:x]
      ---------------core41[1:x]
      ---------------core42[1:x]
      ---------------core43[1:x]
      ---------------core44[1:x]
      ---------------core45[1:x]
      ---------------core46[1:x]
      ---------------core47[1:x]
      ---------------core48[1:x]
      ---------------core49[1:x]
      ---------------core50[1:x]
      ---------------core51[1:x]
      ---------------gpu1[1:x]
      ---------------memory4[32:x]
      ------------socket1[1:x]
      ---------node0[1:s]
      ------rack0[1:s]
      ---tiny0[0:s]
INFO: =============================
INFO: JOBID=1
INFO: RESOURCES=ALLOCATED
INFO: SCHEDULED AT=Now
INFO: =============================
      ---------------core0[1:x]
      ---------------core1[1:x]
      ---------------core2[1:x]
      ---------------core3[1:x]
      ---------------core4[1:x]
      ---------------core5[1:x]
      ---------------core6[1:x]
      ---------------core7[1:x]
      ---------------core8[1:x]
      ---------------core9[1:x]
      ---------------core10[1:x]
      ---------------core11[1:x]
      ---------------core12[1:x]
      ---------------core13[1:x]
      ---------------core14[1:x]
      ---------------core15[1:x]
      ---------------gpu0[1:x]
      ---------------memory0[32:x]
      ------------socket0[1:s]
      ---------------core36[1:x]
      ---------------core37[1:x]
      ---------------core38[1:x]
      ---------------core39[1:x]
      ---------------core40[1:x]
      ---------------core41[1:x]
      ---------------core42[1:x]
      ---------------core43[1:x]
      ---------------core44[1:x]
      ---------------core45[1:x]
      ---------------core46[1:x]
      ---------------core47[1:x]
      ---------------core48[1:x]
      ---------------core49[1:x]
      ---------------core50[1:x]
      ---------------core51[1:x]
      ---------------gpu1[1:x]
      ---------------memory4[32:x]
      ------------socket1[1:s]
      ---------node1[1:s]
      ------rack0[1:s]
      ---tiny0[0:s]
INFO: =============================
INFO: JOBID=2
INFO: RESOURCES=ALLOCATED
INFO: SCHEDULED AT=Now
INFO: =============================
      ---------------core0[1:x]
      ---------------core1[1:x]
      ---------------core2[1:x]
      ---------------core3[1:x]
      ---------------core4[1:x]
      ---------------core5[1:x]
      ---------------core6[1:x]
      ---------------core7[1:x]
      ---------------core8[1:x]
      ---------------core9[1:x]
      ---------------core10[1:x]
      ---------------core11[1:x]
      ---------------core12[1:x]
      ---------------core13[1:x]
      ---------------core14[1:x]
      ---------------core15[1:x]
      ---------------gpu0[1:x]
      ---------------memory0[32:x]
      ------------socket0[1:x]
      ---------------core36[1:x]
      ---------------core37[1:x]
      ---------------core38[1:x]
      ---------------core39[1:x]
      ---------------core40[1:x]
      ---------------core41[1:x]
      ---------------core42[1:x]
      ---------------core43[1:x]
      ---------------core44[1:x]
      ---------------core45[1:x]
      ---------------core46[1:x]
      ---------------core47[1:x]
      ---------------core48[1:x]
      ---------------core49[1:x]
      ---------------core50[1:x]
      ---------------core51[1:x]
      ---------------gpu1[1:x]
      ---------------memory4[32:x]
      ------------socket1[1:x]
      ---------node2[1:s]
      ---------------core0[1:x]
      ---------------core1[1:x]
      ---------------core2[1:x]
      ---------------core3[1:x]
      ---------------core4[1:x]
      ---------------core5[1:x]
      ---------------core6[1:x]
      ---------------core7[1:x]
      ---------------core8[1:x]
      ---------------core9[1:x]
      ---------------core10[1:x]
      ---------------core11[1:x]
      ---------------core12[1:x]
      ---------------core13[1:x]
      ---------------core14[1:x]
      ---------------core15[1:x]
      ---------------gpu0[1:x]
      ---------------memory0[32:x]
      ------------socket0[1:x]
      ---------------core36[1:x]
      ---------------core37[1:x]
      ---------------core38[1:x]
      ---------------core39[1:x]
      ---------------core40[1:x]
      ---------------core41[1:x]
      ---------------core42[1:x]
      ---------------core43[1:x]
      ---------------core44[1:x]
      ---------------core45[1:x]
      ---------------core46[1:x]
      ---------------core47[1:x]
      ---------------core48[1:x]
      ---------------core49[1:x]
      ---------------core50[1:x]
      ---------------core51[1:x]
      ---------------gpu1[1:x]
      ---------------memory4[32:x]
      ------------socket1[1:x]
      ---------node3[1:s]
      ------rack0[1:s]
      ---tiny0[0:s]
INFO: =============================
INFO: JOBID=3
INFO: RESOURCES=ALLOCATED
INFO: SCHEDULED AT=Now
INFO: =============================
      ---------------core0[1:x]
      ---------------core1[1:x]
      ---------------core2[1:x]
      ---------------core3[1:x]
      ---------------core4[1:x]
      ---------------core5[1:x]
      ---------------core6[1:x]
      ---------------core7[1:x]
      ---------------core8[1:x]
      ---------------core9[1:x]
      ---------------core10[1:x]
      ---------------core11[1:x]
      ---------------core12[1:x]
      ---------------core13[1:x]
      ---------------core14[1:x]
      ---------------core15[1:x]
      ---------------gpu0[1:x]
      ---------------memory0[32:x]
      ------------socket0[1:s]
      ---------------core36[1:x]
      ---------------core37[1:x]
      ---------------core38[1:x]
      ---------------core39[1:x]
      ---------------core40[1:x]
      ---------------core41[1:x]
      ---------------core42[1:x]
      ---------------core43[1:x]
      ---------------core44[1:x]
      ---------------core45[1:x]
      ---------------core46[1:x]
      ---------------core47[1:x]
      ---------------core48[1:x]
      ---------------core49[1:x]
      ---------------core50[1:x]
      ---------------core51[1:x]
      ---------------gpu1[1:x]
      ---------------memory4[32:x]
      ------------socket1[1:s]
      ---------node4[1:s]
      ---------------core0[1:x]
      ---------------core1[1:x]
      ---------------core2[1:x]
      ---------------core3[1:x]
      ---------------core4[1:x]
      ---------------core5[1:x]
      ---------------core6[1:x]
      ---------------core7[1:x]
      ---------------core8[1:x]
      ---------------core9[1:x]
      ---------------core10[1:x]
      ---------------core11[1:x]
      ---------------core12[1:x]
      ---------------core13[1:x]
      ---------------core14[1:x]
      ---------------core15[1:x]
      ---------------gpu0[1:x]
      ---------------memory0[32:x]
      ------------socket0[1:s]
      ---------------core36[1:x]
      ---------------core37[1:x]
      ---------------core38[1:x]
      ---------------core39[1:x]
      ---------------core40[1:x]
      ---------------core41[1:x]
      ---------------core42[1:x]
      ---------------core43[1:x]
      ---------------core44[1:x]
      ---------------core45[1:x]
      ---------------core46[1:x]
      ---------------core47[1:x]
      ---------------core48[1:x]
      ---------------core49[1:x]
      ---------------core50[1:x]
      ---------------core51[1:x]
      ---------------gpu1[1:x]
      ---------------memory4[32:x]
      ------------socket1[1:s]
      ---------node5[1:s]
      ------rack0[1:s]
      ---tiny0[0:s]
INFO: =============================
INFO: JOBID=4
INFO: RESOURCES=ALLOCATED
INFO: SCHEDULED AT=Now
INFO: =============================
      ---------------core0[1:x]
      ---------------core1[1:x]
      ---------------core2[1:x]
      ---------------core3[1:x]
      ---------------core4[1:x]
      ---------------core5[1:x]
      ---------------core6[1:x]
      ---------------core7[1:x]
      ---------------core8[1:x]
      ---------------core9[1:x]
      ---------------core10[1:x]
      ---------------core11[1:x]
      ---------------core12[1:x]
      ---------------core13[1:x]
      ---------------core14[1:x]
      ---------------core15[1:x]
      ---------------gpu0[1:x]
      ---------------memory0[32:x]
      ------------socket0[1:x]
      ---------------core36[1:x]
      ---------------core37[1:x]
      ---------------core38[1:x]
      ---------------core39[1:x]
      ---------------core40[1:x]
      ---------------core41[1:x]
      ---------------core42[1:x]
      ---------------core43[1:x]
      ---------------core44[1:x]
      ---------------core45[1:x]
      ---------------core46[1:x]
      ---------------core47[1:x]
      ---------------core48[1:x]
      ---------------core49[1:x]
      ---------------core50[1:x]
      ---------------core51[1:x]
      ---------------gpu1[1:x]
      ---------------memory4[32:x]
      ------------socket1[1:x]
      ---------node6[1:s]
      ---------------core0[1:x]
      ---------------core1[1:x]
      ---------------core2[1:x]
      ---------------core3[1:x]
      ---------------core4[1:x]
      ---------------core5[1:x]
      ---------------core6[1:x]
      ---------------core7[1:x]
      ---------------core8[1:x]
      ---------------core9[1:x]
      ---------------core10[1:x]
      ---------------core11[1:x]
      ---------------core12[1:x]
      ---------------core13[1:x]
      ---------------core14[1:x]
      ---------------core15[1:x]
      ---------------gpu0[1:x]
      ---------------memory0[32:x]
      ------------socket0[1:x]
      ---------------core36[1:x]
      ---------------core37[1:x]
      ---------------core38[1:x]
      ---------------core39[1:x]
      ---------------core40[1:x]
      ---------------core41[1:x]
      ---------------core42[1:x]
      ---------------core43[1:x]
      ---------------core44[1:x]
      ---------------core45[1:x]
      ---------------core46[1:x]
      ---------------core47[1:x]
      ---------------core48[1:x]
      ---------------core49[1:x]
      ---------------core50[1:x]
      ---------------core51[1:x]
      ---------------gpu1[1:x]
      ---------------memory4[32:x]
      ------------socket1[1:x]
      ---------node7[1:s]
      ---------------core0[1:x]
      ---------------core1[1:x]
      ---------------core2[1:x]
      ---------------core3[1:x]
      ---------------core4[1:x]
      ---------------core5[1:x]
      ---------------core6[1:x]
      ---------------core7[1:x]
      ---------------core8[1:x]
      ---------------core9[1:x]
      ---------------core10[1:x]
      ---------------core11[1:x]
      ---------------core12[1:x]
      ---------------core13[1:x]
      ---------------core14[1:x]
      ---------------core15[1:x]
      ---------------gpu0[1:x]
      ---------------memory0[32:x]
      ------------socket0[1:x]
      ---------------core36[1:x]
      ---------------core37[1:x]
      ---------------core38[1:x]
      ---------------core39[1:x]
      ---------------core40[1:x]
      ---------------core41[1:x]
      ---------------core42[1:x]
      ---------------core43[1:x]
      ---------------core44[1:x]
      ---------------core45[1:x]
      ---------------core46[1:x]
      ---------------core47[1:x]
      ---------------core48[1:x]
      ---------------core49[1:x]
      ---------------core50[1:x]
      ---------------core51[1:x]
      ---------------gpu1[1:x]
      ---------------memory4[32:x]
      ------------socket1[1:x]
      ---------node8[1:s]
      ---------------core0[1:x]
      ---------------core1[1:x]
      ---------------core2[1:x]
      ---------------core3[1:x]
      ---------------core4[1:x]
      ---------------core5[1:x]
      ---------------core6[1:x]
      ---------------core7[1:x]
      ---------------core8[1:x]
      ---------------core9[1:x]
      ---------------core10[1:x]
      ---------------core11[1:x]
      ---------------core12[1:x]
      ---------------core13[1:x]
      ---------------core14[1:x]
      ---------------core15[1:x]
      ---------------gpu0[1:x]
      ---------------memory0[32:x]
      ------------socket0[1:x]
      ---------------core36[1:x]
      ---------------core37[1:x]
      ---------------core38[1:x]
      ---------------core39[1:x]
      ---------------core40[1:x]
      ---------------core41[1:x]
      ---------------core42[1:x]
      ---------------core43[1:x]
      ---------------core44[1:x]
      ---------------core45[1:x]
      ---------------core46[1:x]
      ---------------core47[1:x]
      ---------------core48[1:x]
      ---------------core49[1:x]
      ---------------core50[1:x]
      ---------------core51[1:x]
      ---------------gpu1[1:x]
      ---------------memory4[32:x]
      ------------socket1[1:x]
      ---------node9[1:s]
      ------rack0[1:s]
      ---tiny0[0:s]
INFO: =============================
INFO: JOBID=5
INFO: RESOURCES=ALLOCATED
INFO: SCHEDULED AT=Now
INFO: =============================
      ---------------core0[1:x]
      ---------------core1[1:x]
      ---------------core2[1:x]
      ---------------core3[1:x]
      ---------------core4[1:x]
      ---------------core5[1:x]
      ---------------core6[1:x]
      ---------------core7[1:x]
      ---------------core8[1:x]
      ---------------core9[1:x]
      ---------------core10[1:x]
      ---------------core11[1:x]
      ---------------core12[1:x]
      ---------------core13[1:x]
      ---------------core14[1:x]
      ---------------core15[1:x]
      ---------------gpu0[1:x]
      ---------------memory0[32:x]
      ------------socket0[1:s]
      ---------------core36[1:x]
      ---------------core37[1:x]
      ---------------core38[1:x]
      ---------------core39[1:x]
      ---------------core40[1:x]
      ---------------core41[1:x]
      ---------------core42[1:x]
      ---------------core43[1:x]
      ---------------core44[1:x]
      ---------------core45[1:x]
      ---------------core46[1:x]
      ---------------core47[1:x]
      ---------------core48[1:x]
      ---------------core49[1:x]
      ---------------core50[1:x]
      ---------------core51[1:x]
      ---------------gpu1[1:x]
      ---------------memory4[32:x]
      ------------socket1[1:s]
      ---------node10[1:s]
      ---------------core0[1:x]
      ---------------core1[1:x]
      ---------------core2[1:x]
      ---------------core3[1:x]
      ---------------core4[1:x]
      ---------------core5[1:x]
      ---------------core6[1:x]
      ---------------core7[1:x]
      ---------------core8[1:x]
      ---------------core9[1:x]
      ---------------core10[1:x]
      ---------------core11[1:x]
      ---------------core12[1:x]
      ---------------core13[1:x]
      ---------------core14[1:x]
      ---------------core15[1:x]
      ---------------gpu0[1:x]
      ---------------memory0[32:x]
      ------------socket0[1:s]
      ---------------core36[1:x]
      ---------------core37[1:x]
      ---------------core38[1:x]
      ---------------core39[1:x]
      ---------------core40[1:x]
      ---------------core41[1:x]
      ---------------core42[1:x]
      ---------------core43[1:x]
      ---------------core44[1:x]
      ---------------core45[1:x]
      ---------------core46[1:x]
      ---------------core47[1:x]
      ---------------core48[1:x]
      ---------------core49[1:x]
      ---------------core50[1:x]
      ---------------core51[1:x]
      ---------------gpu1[1:x]
      ---------------memory4[32:x]
      ------------socket1[1:s]
      ---------node11[1:s]
      ---------------core0[1:x]
      ---------------core1[1:x]
      ---------------core2[1:x]
      ---------------core3[1:x]
      ---------------core4[1:x]
      ---------------core5[1:x]
      ---------------core6[1:x]
      ---------------core7[1:x]
      ---------------core8[1:x]
      ---------------core9[1:x]
      ---------------core10[1:x]
      ---------------core11[1:x]
      ---------------core12[1:x]
      ---------------core13[1:x]
      ---------------core14[1:x]
      ---------------core15[1:x]
      ---------------gpu0[1:x]
      ---------------memory0[32:x]
      ------------socket0[1:s]
      ---------------core36[1:x]
      ---------------core37[1:x]
      ---------------core38[1:x]
      ---------------core39[1:x]
      ---------------core40[1:x]
      ---------------core41[1:x]
      ---------------core42[1:x]
      ---------------core43[1:x]
      ---------------core44[1:x]
      ---------------core45[1:x]
      ---------------core46[1:x]
      ---------------core47[1:x]
      ---------------core48[1:x]
      ---------------core49[1:x]
      ---------------core50[1:x]
      ---------------core51[1:x]
      ---------------gpu1[1:x]
      ---------------memory4[32:x]
      ------------socket1[1:s]
      ---------node12[1:s]
      ---------------core0[1:x]
      ---------------core1[1:x]
      ---------------core2[1:x]
      ---------------core3[1:x]
      ---------------core4[1:x]
      ---------------core5[1:x]
      ---------------core6[1:x]
      ---------------core7[1:x]
      ---------------core8[1:x]
      ---------------core9[1:x]
      ---------------core10[1:x]
      ---------------core11[1:x]
      ---------------core12[1:x]
      ---------------core13[1:x]
      ---------------core14[1:x]
      ---------------core15[1:x]
      ---------------gpu0[1:x]
      ---------------memory0[32:x]
      ------------socket0[1:s]
      ---------------core36[1:x]
      ---------------core37[1:x]
      ---------------core38[1:x]
      ---------------core39[1:x]
      ---------------core40[1:x]
      ---------------core41[1:x]
      ---------------core42[1:x]
      ---------------core43[1:x]
      ---------------core44[1:x]
      ---------------core45[1:x]
      ---------------core46[1:x]
      ---------------core47[1:x]
      ---------------core48[1:x]
      ---------------core49[1:x]
      ---------------core50[1:x]
      ---------------core51[1:x]
      ---------------gpu1[1:x]
      ---------------memory4[32:x]
      ------------socket1[1:s]
      ---------node13[1:s]
      ------rack0[1:s]
      ---tiny0[0:s]
INFO: =============================
INFO: JOBID=6
INFO: RESOURCES=ALLOCATED
INFO: SCHEDULED AT=Now
INFO: =============================
      ---------------core0[1:x]
      ---------------core1[1:x]
      ---------------core2[1:x]
      ---------------core3[1:x]
      ---------------core4[1:x]
      ---------------core5[1:x]
      ---------------core6[1:x]
      ---------------core7[1:x]
      ---------------core8[1:x]
      ---------------core9[1:x]
      ---------------core10[1:x]
      ---------------core11[1:x]
      ---------------core12[1:x]
      ---------------core13[1:x]
      ---------------core14[1:x]
      ---------------core15[1:x]
      ---------------gpu0[1:x]
      ---------------memory0[32:x]
      ------------socket0[1:x]
      ---------------core36[1:x]
      ---------------core37[1:x]
      ---------------core38[1:x]
      ---------------core39[1:x]
      ---------------core40[1:x]
      ---------------core41[1:x]
      ---------------core42[1:x]
      ---------------core43[1:x]
      ---------------core44[1:x]
      ---------------core45[1:x]
      ---------------core46[1:x]
      ---------------core47[1:x]
      ---------------core48[1:x]
      ---------------core49[1:x]
      ---------------core50[1:x]
      ---------------core51[1:x]
      ---------------gpu1[1:x]
      ---------------memory4[32:x]
      ------------socket1[1:x]
      ---------node14[1:x]
      ------rack0[1:s]
      ---tiny0[0:s]
INFO: =============================
INFO: JOBID=7
INFO: RESOURCES=ALLOCATED
INFO: SCHEDULED AT=Now
INFO: =============================
      ---------------core0[1:x]
      ---------------core1[1:x]
      ---------------core2[1:x]
      ---------------core3[1:x]
      ---------------core4[1:x]
      ---------------core5[1:x]
      ---------------core6[1:x]
      ---------------core7[1:x]
      ---------------core8[1:x]
      ---------------core9[1:x]
      ---------------core10[1:x]
      ---------------core11[1:x]
      ---------------core12[1:x]
      ---------------core13[1:x]
      ---------------core14[1:x]
      ---------------core15[1:x]
      ---------------gpu0[1:x]
      ---------------memory0[32:x]
      ------------socket0[1:x]
      ---------------core36[1:x]
      ---------------core37[1:x]
      ---------------core38[1:x]
      ---------------core39[1:x]
      ---------------core40[1:x]
      ---------------core41[1:x]
      ---------------core42[1:x]
      ---------------core43[1:x]
      ---------------core44[1:x]
      ---------------core45[1:x]
      ---------------core46[1:x]
      ---------------core47[1:x]
      ---------------core48[1:x]
      ---------------core49[1:x]
      ---------------core50[1:x]
      ---------------core51[1:x]
      ---------------gpu1[1:x]
      ---------------memory4[32:x]
      ------------socket1[1:x]
      ---------node15[1:x]
      ---------------core0[1:x]
      ---------------core1[1:x]
      ---------------core2[1:x]
      ---------------core3[1:x]
      ---------------core4[1:x]
      ---------------core5[1:x]
      ---------------core6[1:x]
      ---------------core7[1:x]
      ---------------core8[1:x]
      ---------------core9[1:x]
      ---------------core10[1:x]
      ---------------core11[1:x]
      ---------------core12[1:x]
      ---------------core13[1:x]
      ---------------core14[1:x]
      ---------------core15[1:x]
      ---------------gpu0[1:x]
      ---------------memory0[32:x]
      ------------socket0[1:x]
      ---------------core36[1:x]
      ---------------core37[1:x]
      ---------------core38[1:x]
      ---------------core39[1:x]
      ---------------core40[1:x]
      ---------------core41[1:x]
      ---------------core42[1:x]
      ---------------core43[1:x]
      ---------------core44[1:x]
      ---------------core45[1:x]
      ---------------core46[1:x]
      ---------------core47[1:x]
      ---------------core48[1:x]
      ---------------core49[1:x]
      ---------------core50[1:x]
      ---------------core51[1:x]
      ---------------gpu1[1:x]
      ---------------memory4[32:x]
      ------------socket1[1:x]
      ---------node16[1:x]
      ------rack0[1:s]
      ---tiny0[0:s]
INFO: =============================
INFO: JOBID=8
INFO: RESOURCES=ALLOCATED
INFO: SCHEDULED AT=Now
INFO: =============================
INFO: Bye bye 
