INFO: Loading a matcher: CA
      ---------------core36[1:x]
      ---------------core37[1:x]
      ---------------core38[1:x]
      ---------------core39[1:x]
      ---------------core40[1:x]
      ---------------core41[1:x]
      ---------------core42[1:x]
      ---------------core43[1:x]
      ---------------core44[1:x]
      ---------------core45[1:x]
      ---------------core46[1:x]
      ---------------core47[1:x]
      ---------------core48[1:x]
      ---------------core49[1:x]
      ---------------core50[1:x]
      ---------------core51[1:x]
      ---------------core52[1:x]
      ---------------core53[1:x]
      ---------------core54[1:x]
      ---------------core55[1:x]
      ---------------core56[1:x]
      ---------------core57[1:x]
      ---------------core58[1:x]
      ---------------core59[1:x]
      ---------------core60[1:x]
      ---------------core61[1:x]
      ---------------core62[1:x]
      ---------------core63[1:x]
      ---------------core64[1:x]
      ---------------core65[1:x]
      ---------------core66[1:x]
      ---------------core67[1:x]
      ---------------core68[1:x]
      ---------------core69[1:x]
      ---------------core70[1:x]
      ---------------core71[1:x]
      ------------socket1[1:x]
      ---------node1[1:s]
      ------rack0[1:s]
      ---tiny0[1:s]
INFO: =============================
INFO: JOBID=1
INFO: RESOURCES=ALLOCATED
INFO: SCHEDULED AT=Now
INFO: =============================
INFO: =============================
INFO: No matching resources found
INFO: JOBID=2
INFO: =============================
INFO: Bye bye 
