INFO: Loading a matcher: CA
      ---------------core0[1:x]
      ---------------core1[1:x]
      ---------------core2[1:x]
      ---------------core3[1:x]
      ---------------core4[1:x]
      ---------------gpu0[1:x]
      ---------------memory0[2:x]
      ---------------memory1[2:x]
      ---------------memory2[2:x]
      ------------socket0[1:x]
      ---------------core36[1:x]
      ---------------core37[1:x]
      ---------------core38[1:x]
      ---------------core39[1:x]
      ---------------core40[1:x]
      ---------------gpu1[1:x]
      ---------------memory4[2:x]
      ---------------memory5[2:x]
      ---------------memory6[2:x]
      ------------socket1[1:x]
      ---------node0[1:x]
      ---------------core0[1:x]
      ---------------core1[1:x]
      ---------------core2[1:x]
      ---------------core3[1:x]
      ---------------core4[1:x]
      ---------------gpu0[1:x]
      ---------------memory0[2:x]
      ---------------memory1[2:x]
      ---------------memory2[2:x]
      ------------socket0[1:x]
      ---------------core36[1:x]
      ---------------core37[1:x]
      ---------------core38[1:x]
      ---------------core39[1:x]
      ---------------core40[1:x]
      ---------------gpu1[1:x]
      ---------------memory4[2:x]
      ---------------memory5[2:x]
      ---------------memory6[2:x]
      ------------socket1[1:x]
      ---------node1[1:x]
      ------rack0[1:s]
      ---tiny0[0:s]
INFO: =============================
INFO: JOBID=1
INFO: RESOURCES=ALLOCATED
INFO: SCHEDULED AT=Now
INFO: =============================
INFO: =============================
INFO: No matching resources found
INFO: JOBID=2
INFO: =============================
INFO: Bye bye 
