INFO: Loading a matcher: CA
      ---------------core64[1:x]
      ---------------core65[1:x]
      ---------------core66[1:x]
      ---------------core67[1:x]
      ---------------core68[1:x]
      ---------------core69[1:x]
      ---------------core70[1:x]
      ---------------core71[1:x]
      ---------------memory7[2:x]
      ------------socket1[1:s]
      ---------node0[1:s]
      ------rack0[1:s]
      ---tiny0[0:s]
INFO: =============================
INFO: JOBID=1
INFO: RESOURCES=ALLOCATED
INFO: SCHEDULED AT=Now
INFO: =============================
      ---------------core64[1:x]
      ---------------core65[1:x]
      ---------------core66[1:x]
      ---------------core67[1:x]
      ---------------core68[1:x]
      ---------------core69[1:x]
      ---------------core70[1:x]
      ---------------core71[1:x]
      ---------------memory7[2:x]
      ------------socket1[1:s]
      ---------node1[1:s]
      ------rack0[1:s]
      ---tiny0[0:s]
INFO: =============================
INFO: JOBID=2
INFO: RESOURCES=ALLOCATED
INFO: SCHEDULED AT=Now
INFO: =============================
      ---------------core56[1:x]
      ---------------core57[1:x]
      ---------------core58[1:x]
      ---------------core59[1:x]
      ---------------core60[1:x]
      ---------------core61[1:x]
      ---------------core62[1:x]
      ---------------core63[1:x]
      ---------------memory6[2:x]
      ------------socket1[1:s]
      ---------node1[1:s]
      ------rack0[1:s]
      ---tiny0[0:s]
INFO: =============================
INFO: JOBID=3
INFO: RESOURCES=ALLOCATED
INFO: SCHEDULED AT=Now
INFO: =============================
      ---------------core56[1:x]
      ---------------core57[1:x]
      ---------------core58[1:x]
      ---------------core59[1:x]
      ---------------core60[1:x]
      ---------------core61[1:x]
      ---------------core62[1:x]
      ---------------core63[1:x]
      ---------------memory6[2:x]
      ------------socket1[1:s]
      ---------node0[1:s]
      ------rack0[1:s]
      ---tiny0[0:s]
INFO: =============================
INFO: JOBID=4
INFO: RESOURCES=ALLOCATED
INFO: SCHEDULED AT=Now
INFO: =============================
      ---------------core48[1:x]
      ---------------core49[1:x]
      ---------------core50[1:x]
      ---------------core51[1:x]
      ---------------core52[1:x]
      ---------------core53[1:x]
      ---------------core54[1:x]
      ---------------core55[1:x]
      ---------------memory5[2:x]
      ------------socket1[1:s]
      ---------node1[1:s]
      ------rack0[1:s]
      ---tiny0[0:s]
INFO: =============================
INFO: JOBID=5
INFO: RESOURCES=ALLOCATED
INFO: SCHEDULED AT=Now
INFO: =============================
      ---------------core48[1:x]
      ---------------core49[1:x]
      ---------------core50[1:x]
      ---------------core51[1:x]
      ---------------core52[1:x]
      ---------------core53[1:x]
      ---------------core54[1:x]
      ---------------core55[1:x]
      ---------------memory5[2:x]
      ------------socket1[1:s]
      ---------node0[1:s]
      ------rack0[1:s]
      ---tiny0[0:s]
INFO: =============================
INFO: JOBID=6
INFO: RESOURCES=ALLOCATED
INFO: SCHEDULED AT=Now
INFO: =============================
      ---------------core40[1:x]
      ---------------core41[1:x]
      ---------------core42[1:x]
      ---------------core43[1:x]
      ---------------core44[1:x]
      ---------------core45[1:x]
      ---------------core46[1:x]
      ---------------core47[1:x]
      ---------------memory4[2:x]
      ------------socket1[1:s]
      ---------node1[1:s]
      ------rack0[1:s]
      ---tiny0[0:s]
INFO: =============================
INFO: JOBID=7
INFO: RESOURCES=ALLOCATED
INFO: SCHEDULED AT=Now
INFO: =============================
      ---------------core40[1:x]
      ---------------core41[1:x]
      ---------------core42[1:x]
      ---------------core43[1:x]
      ---------------core44[1:x]
      ---------------core45[1:x]
      ---------------core46[1:x]
      ---------------core47[1:x]
      ---------------memory4[2:x]
      ------------socket1[1:s]
      ---------node0[1:s]
      ------rack0[1:s]
      ---tiny0[0:s]
INFO: =============================
INFO: JOBID=8
INFO: RESOURCES=ALLOCATED
INFO: SCHEDULED AT=Now
INFO: =============================
      ---------------core28[1:x]
      ---------------core29[1:x]
      ---------------core30[1:x]
      ---------------core31[1:x]
      ---------------core32[1:x]
      ---------------core33[1:x]
      ---------------core34[1:x]
      ---------------core35[1:x]
      ---------------memory3[2:x]
      ------------socket0[1:s]
      ---------node0[1:s]
      ------rack0[1:s]
      ---tiny0[0:s]
INFO: =============================
INFO: JOBID=9
INFO: RESOURCES=ALLOCATED
INFO: SCHEDULED AT=Now
INFO: =============================
      ---------------core28[1:x]
      ---------------core29[1:x]
      ---------------core30[1:x]
      ---------------core31[1:x]
      ---------------core32[1:x]
      ---------------core33[1:x]
      ---------------core34[1:x]
      ---------------core35[1:x]
      ---------------memory3[2:x]
      ------------socket0[1:s]
      ---------node1[1:s]
      ------rack0[1:s]
      ---tiny0[0:s]
INFO: =============================
INFO: JOBID=10
INFO: RESOURCES=ALLOCATED
INFO: SCHEDULED AT=Now
INFO: =============================
      ---------------core20[1:x]
      ---------------core21[1:x]
      ---------------core22[1:x]
      ---------------core23[1:x]
      ---------------core24[1:x]
      ---------------core25[1:x]
      ---------------core26[1:x]
      ---------------core27[1:x]
      ---------------memory2[2:x]
      ------------socket0[1:s]
      ---------node0[1:s]
      ------rack0[1:s]
      ---tiny0[0:s]
INFO: =============================
INFO: JOBID=11
INFO: RESOURCES=ALLOCATED
INFO: SCHEDULED AT=Now
INFO: =============================
      ---------------core20[1:x]
      ---------------core21[1:x]
      ---------------core22[1:x]
      ---------------core23[1:x]
      ---------------core24[1:x]
      ---------------core25[1:x]
      ---------------core26[1:x]
      ---------------core27[1:x]
      ---------------memory2[2:x]
      ------------socket0[1:s]
      ---------node1[1:s]
      ------rack0[1:s]
      ---tiny0[0:s]
INFO: =============================
INFO: JOBID=12
INFO: RESOURCES=ALLOCATED
INFO: SCHEDULED AT=Now
INFO: =============================
      ---------------core12[1:x]
      ---------------core13[1:x]
      ---------------core14[1:x]
      ---------------core15[1:x]
      ---------------core16[1:x]
      ---------------core17[1:x]
      ---------------core18[1:x]
      ---------------core19[1:x]
      ---------------memory1[2:x]
      ------------socket0[1:s]
      ---------node0[1:s]
      ------rack0[1:s]
      ---tiny0[0:s]
INFO: =============================
INFO: JOBID=13
INFO: RESOURCES=ALLOCATED
INFO: SCHEDULED AT=Now
INFO: =============================
      ---------------core12[1:x]
      ---------------core13[1:x]
      ---------------core14[1:x]
      ---------------core15[1:x]
      ---------------core16[1:x]
      ---------------core17[1:x]
      ---------------core18[1:x]
      ---------------core19[1:x]
      ---------------memory1[2:x]
      ------------socket0[1:s]
      ---------node1[1:s]
      ------rack0[1:s]
      ---tiny0[0:s]
INFO: =============================
INFO: JOBID=14
INFO: RESOURCES=ALLOCATED
INFO: SCHEDULED AT=Now
INFO: =============================
      ---------------core4[1:x]
      ---------------core5[1:x]
      ---------------core6[1:x]
      ---------------core7[1:x]
      ---------------core8[1:x]
      ---------------core9[1:x]
      ---------------core10[1:x]
      ---------------core11[1:x]
      ---------------memory0[2:x]
      ------------socket0[1:s]
      ---------node0[1:s]
      ------rack0[1:s]
      ---tiny0[0:s]
INFO: =============================
INFO: JOBID=15
INFO: RESOURCES=ALLOCATED
INFO: SCHEDULED AT=Now
INFO: =============================
      ---------------core4[1:x]
      ---------------core5[1:x]
      ---------------core6[1:x]
      ---------------core7[1:x]
      ---------------core8[1:x]
      ---------------core9[1:x]
      ---------------core10[1:x]
      ---------------core11[1:x]
      ---------------memory0[2:x]
      ------------socket0[1:s]
      ---------node1[1:s]
      ------rack0[1:s]
      ---tiny0[0:s]
INFO: =============================
INFO: JOBID=16
INFO: RESOURCES=ALLOCATED
INFO: SCHEDULED AT=Now
INFO: =============================
INFO: =============================
INFO: No matching resources found
INFO: JOBID=17
INFO: =============================
INFO: Bye bye 
